// Jest Snapshot v1, https://goo.gl/fbAQLP

exports[`<Home /> component does match to the snapshot 1`] = `
<div
  className="home"
>
  <HomeFilters
    className="home__filters"
  />
  <HomeContent
    className="home__content"
  />
</div>
`;
