// Jest Snapshot v1, https://goo.gl/fbAQLP

exports[`<HomeContent /> component does match to the snapshot 1`] = `
<div
  className="content custom-style"
/>
`;
